// Jest Snapshot v1, https://goo.gl/fbAQLP

exports[`Testing Components Testing Homepage 1`] = `[Function]`;
